RAM Allocation [bytes]
Variable                                                                          Address   Size
------------------------------------------------------------------------------------------------
frequency                                                                         0x016E      16
freq                                                                              0x017E       4
_base_y                                                                           0x0182       4
_lcd_maxx                                                                         0x0186       1

EEPROM Allocation [bytes]
Variable                                                                          Address   Size
------------------------------------------------------------------------------------------------

Register Allocation
Variable                                                                          Register  Size
------------------------------------------------------------------------------------------------
positiveEdge                                                                      R4,R5        2
negativeEdge                                                                      R6,R7        2
end                                                                               R8,R9        2
period                                                                            R10,R11      2
_lcd_x                                                                            R13          1
_lcd_y                                                                            R12          1

FLASH Allocation [words]
Function                                                                          Address   Size
------------------------------------------------------------------------------------------------
main                                                                              0x00078    102
_lcd_write_nibble_G100                                                            0x000DE     20
_lcd_write_data                                                                   0x000F2     12
lcd_gotoxy                                                                        0x000FE     13
lcd_clear                                                                         0x0010B     12
lcd_putchar                                                                       0x00117     23
lcd_puts                                                                          0x0012E     17
lcd_init                                                                          0x0013F     47
put_buff_G101                                                                     0x0016E     64
_print_G101                                                                       0x001AE    308
sprintf                                                                           0x002E2     52
strlen                                                                            0x00316     12
strlenf                                                                           0x00322     13
